// Jest Snapshot v1, https://goo.gl/fbAQLP

exports[`<EditProfile /> renders and matches the snapshot 1`] = `
<EditProfile
  classes={Object {}}
/>
`;
