// Jest Snapshot v1, https://goo.gl/fbAQLP

exports[`<UserProfile /> renders and matches the snapshot 1`] = `
<UserProfile
  classes={Object {}}
/>
`;
