// Jest Snapshot v1, https://goo.gl/fbAQLP

exports[`<PrivateProfile /> renders and matches the snapshot 1`] = `
<div>
  Private Profile
</div>
`;
