// Jest Snapshot v1, https://goo.gl/fbAQLP

exports[`<DrawerProfile /> renders and matches snapshot 1`] = `
<DrawerProfile
  classes={
    Object {
      "userProfile": Object {},
    }
  }
>
  <CurrentUser>
    <Query
      query={
        Object {
          "definitions": Array [
            Object {
              "directives": Array [],
              "kind": "OperationDefinition",
              "name": Object {
                "kind": "Name",
                "value": "CURRENT_USER_QUERY",
              },
              "operation": "query",
              "selectionSet": Object {
                "kind": "SelectionSet",
                "selections": Array [
                  Object {
                    "alias": undefined,
                    "arguments": Array [],
                    "directives": Array [],
                    "kind": "Field",
                    "name": Object {
                      "kind": "Name",
                      "value": "currentUser",
                    },
                    "selectionSet": Object {
                      "kind": "SelectionSet",
                      "selections": Array [
                        Object {
                          "alias": undefined,
                          "arguments": Array [],
                          "directives": Array [],
                          "kind": "Field",
                          "name": Object {
                            "kind": "Name",
                            "value": "id",
                          },
                          "selectionSet": undefined,
                        },
                        Object {
                          "alias": undefined,
                          "arguments": Array [],
                          "directives": Array [],
                          "kind": "Field",
                          "name": Object {
                            "kind": "Name",
                            "value": "email",
                          },
                          "selectionSet": undefined,
                        },
                        Object {
                          "alias": undefined,
                          "arguments": Array [],
                          "directives": Array [],
                          "kind": "Field",
                          "name": Object {
                            "kind": "Name",
                            "value": "name",
                          },
                          "selectionSet": undefined,
                        },
                        Object {
                          "alias": undefined,
                          "arguments": Array [],
                          "directives": Array [],
                          "kind": "Field",
                          "name": Object {
                            "kind": "Name",
                            "value": "countryCode",
                          },
                          "selectionSet": undefined,
                        },
                        Object {
                          "alias": undefined,
                          "arguments": Array [],
                          "directives": Array [],
                          "kind": "Field",
                          "name": Object {
                            "kind": "Name",
                            "value": "phoneNumber",
                          },
                          "selectionSet": undefined,
                        },
                        Object {
                          "alias": undefined,
                          "arguments": Array [],
                          "directives": Array [],
                          "kind": "Field",
                          "name": Object {
                            "kind": "Name",
                            "value": "favoriteTeam",
                          },
                          "selectionSet": Object {
                            "kind": "SelectionSet",
                            "selections": Array [
                              Object {
                                "alias": undefined,
                                "arguments": Array [],
                                "directives": Array [],
                                "kind": "Field",
                                "name": Object {
                                  "kind": "Name",
                                  "value": "id",
                                },
                                "selectionSet": undefined,
                              },
                              Object {
                                "alias": Object {
                                  "kind": "Name",
                                  "value": "label",
                                },
                                "arguments": Array [],
                                "directives": Array [],
                                "kind": "Field",
                                "name": Object {
                                  "kind": "Name",
                                  "value": "name",
                                },
                                "selectionSet": undefined,
                              },
                              Object {
                                "alias": Object {
                                  "kind": "Name",
                                  "value": "value",
                                },
                                "arguments": Array [],
                                "directives": Array [],
                                "kind": "Field",
                                "name": Object {
                                  "kind": "Name",
                                  "value": "name",
                                },
                                "selectionSet": undefined,
                              },
                              Object {
                                "alias": undefined,
                                "arguments": Array [],
                                "directives": Array [],
                                "kind": "Field",
                                "name": Object {
                                  "kind": "Name",
                                  "value": "shortName",
                                },
                                "selectionSet": undefined,
                              },
                            ],
                          },
                        },
                        Object {
                          "alias": undefined,
                          "arguments": Array [],
                          "directives": Array [],
                          "kind": "Field",
                          "name": Object {
                            "kind": "Name",
                            "value": "country",
                          },
                          "selectionSet": Object {
                            "kind": "SelectionSet",
                            "selections": Array [
                              Object {
                                "alias": undefined,
                                "arguments": Array [],
                                "directives": Array [],
                                "kind": "Field",
                                "name": Object {
                                  "kind": "Name",
                                  "value": "id",
                                },
                                "selectionSet": undefined,
                              },
                              Object {
                                "alias": Object {
                                  "kind": "Name",
                                  "value": "label",
                                },
                                "arguments": Array [],
                                "directives": Array [],
                                "kind": "Field",
                                "name": Object {
                                  "kind": "Name",
                                  "value": "name",
                                },
                                "selectionSet": undefined,
                              },
                              Object {
                                "alias": Object {
                                  "kind": "Name",
                                  "value": "value",
                                },
                                "arguments": Array [],
                                "directives": Array [],
                                "kind": "Field",
                                "name": Object {
                                  "kind": "Name",
                                  "value": "name",
                                },
                                "selectionSet": undefined,
                              },
                            ],
                          },
                        },
                        Object {
                          "directives": Array [],
                          "kind": "FragmentSpread",
                          "name": Object {
                            "kind": "Name",
                            "value": "ProfilePicture",
                          },
                        },
                        Object {
                          "alias": undefined,
                          "arguments": Array [],
                          "directives": Array [],
                          "kind": "Field",
                          "name": Object {
                            "kind": "Name",
                            "value": "displayName",
                          },
                          "selectionSet": undefined,
                        },
                        Object {
                          "alias": undefined,
                          "arguments": Array [],
                          "directives": Array [],
                          "kind": "Field",
                          "name": Object {
                            "kind": "Name",
                            "value": "isPrivate",
                          },
                          "selectionSet": undefined,
                        },
                        Object {
                          "alias": undefined,
                          "arguments": Array [],
                          "directives": Array [],
                          "kind": "Field",
                          "name": Object {
                            "kind": "Name",
                            "value": "emailValidated",
                          },
                          "selectionSet": undefined,
                        },
                        Object {
                          "alias": undefined,
                          "arguments": Array [],
                          "directives": Array [],
                          "kind": "Field",
                          "name": Object {
                            "kind": "Name",
                            "value": "subscriptions",
                          },
                          "selectionSet": Object {
                            "kind": "SelectionSet",
                            "selections": Array [
                              Object {
                                "alias": undefined,
                                "arguments": Array [],
                                "directives": Array [],
                                "kind": "Field",
                                "name": Object {
                                  "kind": "Name",
                                  "value": "name",
                                },
                                "selectionSet": undefined,
                              },
                            ],
                          },
                        },
                        Object {
                          "alias": undefined,
                          "arguments": Array [],
                          "directives": Array [],
                          "kind": "Field",
                          "name": Object {
                            "kind": "Name",
                            "value": "userRoles",
                          },
                          "selectionSet": Object {
                            "kind": "SelectionSet",
                            "selections": Array [
                              Object {
                                "alias": undefined,
                                "arguments": Array [],
                                "directives": Array [],
                                "kind": "Field",
                                "name": Object {
                                  "kind": "Name",
                                  "value": "name",
                                },
                                "selectionSet": undefined,
                              },
                            ],
                          },
                        },
                        Object {
                          "alias": undefined,
                          "arguments": Array [],
                          "directives": Array [],
                          "kind": "Field",
                          "name": Object {
                            "kind": "Name",
                            "value": "followers",
                          },
                          "selectionSet": Object {
                            "kind": "SelectionSet",
                            "selections": Array [
                              Object {
                                "alias": undefined,
                                "arguments": Array [],
                                "directives": Array [],
                                "kind": "Field",
                                "name": Object {
                                  "kind": "Name",
                                  "value": "followers",
                                },
                                "selectionSet": Object {
                                  "kind": "SelectionSet",
                                  "selections": Array [
                                    Object {
                                      "alias": undefined,
                                      "arguments": Array [],
                                      "directives": Array [],
                                      "kind": "Field",
                                      "name": Object {
                                        "kind": "Name",
                                        "value": "user",
                                      },
                                      "selectionSet": Object {
                                        "kind": "SelectionSet",
                                        "selections": Array [
                                          Object {
                                            "alias": undefined,
                                            "arguments": Array [],
                                            "directives": Array [],
                                            "kind": "Field",
                                            "name": Object {
                                              "kind": "Name",
                                              "value": "displayName",
                                            },
                                            "selectionSet": undefined,
                                          },
                                          Object {
                                            "alias": undefined,
                                            "arguments": Array [],
                                            "directives": Array [],
                                            "kind": "Field",
                                            "name": Object {
                                              "kind": "Name",
                                              "value": "isPrivate",
                                            },
                                            "selectionSet": undefined,
                                          },
                                          Object {
                                            "directives": Array [],
                                            "kind": "FragmentSpread",
                                            "name": Object {
                                              "kind": "Name",
                                              "value": "ProfilePicture",
                                            },
                                          },
                                        ],
                                      },
                                    },
                                  ],
                                },
                              },
                            ],
                          },
                        },
                        Object {
                          "alias": undefined,
                          "arguments": Array [],
                          "directives": Array [],
                          "kind": "Field",
                          "name": Object {
                            "kind": "Name",
                            "value": "influencers",
                          },
                          "selectionSet": Object {
                            "kind": "SelectionSet",
                            "selections": Array [
                              Object {
                                "alias": undefined,
                                "arguments": Array [],
                                "directives": Array [],
                                "kind": "Field",
                                "name": Object {
                                  "kind": "Name",
                                  "value": "influencers",
                                },
                                "selectionSet": Object {
                                  "kind": "SelectionSet",
                                  "selections": Array [
                                    Object {
                                      "alias": undefined,
                                      "arguments": Array [],
                                      "directives": Array [],
                                      "kind": "Field",
                                      "name": Object {
                                        "kind": "Name",
                                        "value": "user",
                                      },
                                      "selectionSet": Object {
                                        "kind": "SelectionSet",
                                        "selections": Array [
                                          Object {
                                            "alias": undefined,
                                            "arguments": Array [],
                                            "directives": Array [],
                                            "kind": "Field",
                                            "name": Object {
                                              "kind": "Name",
                                              "value": "displayName",
                                            },
                                            "selectionSet": undefined,
                                          },
                                          Object {
                                            "alias": undefined,
                                            "arguments": Array [],
                                            "directives": Array [],
                                            "kind": "Field",
                                            "name": Object {
                                              "kind": "Name",
                                              "value": "isPrivate",
                                            },
                                            "selectionSet": undefined,
                                          },
                                          Object {
                                            "directives": Array [],
                                            "kind": "FragmentSpread",
                                            "name": Object {
                                              "kind": "Name",
                                              "value": "ProfilePicture",
                                            },
                                          },
                                        ],
                                      },
                                    },
                                  ],
                                },
                              },
                            ],
                          },
                        },
                      ],
                    },
                  },
                ],
              },
              "variableDefinitions": Array [],
            },
            Object {
              "directives": Array [],
              "kind": "FragmentDefinition",
              "name": Object {
                "kind": "Name",
                "value": "ProfilePicture",
              },
              "selectionSet": Object {
                "kind": "SelectionSet",
                "selections": Array [
                  Object {
                    "alias": Object {
                      "kind": "Name",
                      "value": "profilePicture",
                    },
                    "arguments": Array [
                      Object {
                        "kind": "Argument",
                        "name": Object {
                          "kind": "Name",
                          "value": "where",
                        },
                        "value": Object {
                          "fields": Array [
                            Object {
                              "kind": "ObjectField",
                              "name": Object {
                                "kind": "Name",
                                "value": "isProfile",
                              },
                              "value": Object {
                                "kind": "BooleanValue",
                                "value": true,
                              },
                            },
                          ],
                          "kind": "ObjectValue",
                        },
                      },
                    ],
                    "directives": Array [],
                    "kind": "Field",
                    "name": Object {
                      "kind": "Name",
                      "value": "photos",
                    },
                    "selectionSet": Object {
                      "kind": "SelectionSet",
                      "selections": Array [
                        Object {
                          "alias": undefined,
                          "arguments": Array [],
                          "directives": Array [],
                          "kind": "Field",
                          "name": Object {
                            "kind": "Name",
                            "value": "id",
                          },
                          "selectionSet": undefined,
                        },
                        Object {
                          "alias": undefined,
                          "arguments": Array [],
                          "directives": Array [],
                          "kind": "Field",
                          "name": Object {
                            "kind": "Name",
                            "value": "photo",
                          },
                          "selectionSet": Object {
                            "kind": "SelectionSet",
                            "selections": Array [
                              Object {
                                "alias": undefined,
                                "arguments": Array [],
                                "directives": Array [],
                                "kind": "Field",
                                "name": Object {
                                  "kind": "Name",
                                  "value": "id",
                                },
                                "selectionSet": undefined,
                              },
                              Object {
                                "alias": undefined,
                                "arguments": Array [],
                                "directives": Array [],
                                "kind": "Field",
                                "name": Object {
                                  "kind": "Name",
                                  "value": "image",
                                },
                                "selectionSet": undefined,
                              },
                            ],
                          },
                        },
                        Object {
                          "alias": undefined,
                          "arguments": Array [],
                          "directives": Array [],
                          "kind": "Field",
                          "name": Object {
                            "kind": "Name",
                            "value": "isProfile",
                          },
                          "selectionSet": undefined,
                        },
                      ],
                    },
                  },
                ],
              },
              "typeCondition": Object {
                "kind": "NamedType",
                "name": Object {
                  "kind": "Name",
                  "value": "User",
                },
              },
            },
          ],
          "kind": "Document",
          "loc": Object {
            "end": 965,
            "start": 0,
          },
        }
      }
    >
      <div
        className=""
      >
        <div>
          User Profile
        </div>
      </div>
    </Query>
  </CurrentUser>
</DrawerProfile>
`;
