// Jest Snapshot v1, https://goo.gl/fbAQLP

exports[`<AddPicture /> renders and matches the snapshot 1`] = `
<Mutation
  mutation={
    Object {
      "definitions": Array [
        Object {
          "directives": Array [],
          "kind": "OperationDefinition",
          "name": Object {
            "kind": "Name",
            "value": "ADD_PROFILE_PICTURE",
          },
          "operation": "mutation",
          "selectionSet": Object {
            "kind": "SelectionSet",
            "selections": Array [
              Object {
                "alias": undefined,
                "arguments": Array [
                  Object {
                    "kind": "Argument",
                    "name": Object {
                      "kind": "Name",
                      "value": "image",
                    },
                    "value": Object {
                      "kind": "Variable",
                      "name": Object {
                        "kind": "Name",
                        "value": "image",
                      },
                    },
                  },
                ],
                "directives": Array [],
                "kind": "Field",
                "name": Object {
                  "kind": "Name",
                  "value": "addProfilePicture",
                },
                "selectionSet": Object {
                  "kind": "SelectionSet",
                  "selections": Array [
                    Object {
                      "alias": undefined,
                      "arguments": Array [],
                      "directives": Array [],
                      "kind": "Field",
                      "name": Object {
                        "kind": "Name",
                        "value": "id",
                      },
                      "selectionSet": undefined,
                    },
                    Object {
                      "alias": undefined,
                      "arguments": Array [],
                      "directives": Array [],
                      "kind": "Field",
                      "name": Object {
                        "kind": "Name",
                        "value": "isProfile",
                      },
                      "selectionSet": undefined,
                    },
                    Object {
                      "alias": undefined,
                      "arguments": Array [],
                      "directives": Array [],
                      "kind": "Field",
                      "name": Object {
                        "kind": "Name",
                        "value": "photo",
                      },
                      "selectionSet": Object {
                        "kind": "SelectionSet",
                        "selections": Array [
                          Object {
                            "alias": undefined,
                            "arguments": Array [],
                            "directives": Array [],
                            "kind": "Field",
                            "name": Object {
                              "kind": "Name",
                              "value": "id",
                            },
                            "selectionSet": undefined,
                          },
                          Object {
                            "alias": undefined,
                            "arguments": Array [],
                            "directives": Array [],
                            "kind": "Field",
                            "name": Object {
                              "kind": "Name",
                              "value": "image",
                            },
                            "selectionSet": undefined,
                          },
                        ],
                      },
                    },
                  ],
                },
              },
            ],
          },
          "variableDefinitions": Array [
            Object {
              "defaultValue": undefined,
              "directives": Array [],
              "kind": "VariableDefinition",
              "type": Object {
                "kind": "NonNullType",
                "type": Object {
                  "kind": "NamedType",
                  "name": Object {
                    "kind": "Name",
                    "value": "String",
                  },
                },
              },
              "variable": Object {
                "kind": "Variable",
                "name": Object {
                  "kind": "Name",
                  "value": "image",
                },
              },
            },
          ],
        },
      ],
      "kind": "Document",
      "loc": Object {
        "end": 172,
        "start": 0,
      },
    }
  }
  refetchQueries={
    Array [
      Object {
        "query": Object {
          "definitions": Array [
            Object {
              "directives": Array [],
              "kind": "OperationDefinition",
              "name": Object {
                "kind": "Name",
                "value": "CURRENT_USER_QUERY",
              },
              "operation": "query",
              "selectionSet": Object {
                "kind": "SelectionSet",
                "selections": Array [
                  Object {
                    "alias": undefined,
                    "arguments": Array [],
                    "directives": Array [],
                    "kind": "Field",
                    "name": Object {
                      "kind": "Name",
                      "value": "currentUser",
                    },
                    "selectionSet": Object {
                      "kind": "SelectionSet",
                      "selections": Array [
                        Object {
                          "alias": undefined,
                          "arguments": Array [],
                          "directives": Array [],
                          "kind": "Field",
                          "name": Object {
                            "kind": "Name",
                            "value": "id",
                          },
                          "selectionSet": undefined,
                        },
                        Object {
                          "alias": undefined,
                          "arguments": Array [],
                          "directives": Array [],
                          "kind": "Field",
                          "name": Object {
                            "kind": "Name",
                            "value": "email",
                          },
                          "selectionSet": undefined,
                        },
                        Object {
                          "alias": undefined,
                          "arguments": Array [],
                          "directives": Array [],
                          "kind": "Field",
                          "name": Object {
                            "kind": "Name",
                            "value": "name",
                          },
                          "selectionSet": undefined,
                        },
                        Object {
                          "alias": undefined,
                          "arguments": Array [],
                          "directives": Array [],
                          "kind": "Field",
                          "name": Object {
                            "kind": "Name",
                            "value": "countryCode",
                          },
                          "selectionSet": undefined,
                        },
                        Object {
                          "alias": undefined,
                          "arguments": Array [],
                          "directives": Array [],
                          "kind": "Field",
                          "name": Object {
                            "kind": "Name",
                            "value": "phoneNumber",
                          },
                          "selectionSet": undefined,
                        },
                        Object {
                          "alias": undefined,
                          "arguments": Array [],
                          "directives": Array [],
                          "kind": "Field",
                          "name": Object {
                            "kind": "Name",
                            "value": "favoriteTeam",
                          },
                          "selectionSet": Object {
                            "kind": "SelectionSet",
                            "selections": Array [
                              Object {
                                "alias": undefined,
                                "arguments": Array [],
                                "directives": Array [],
                                "kind": "Field",
                                "name": Object {
                                  "kind": "Name",
                                  "value": "id",
                                },
                                "selectionSet": undefined,
                              },
                              Object {
                                "alias": Object {
                                  "kind": "Name",
                                  "value": "label",
                                },
                                "arguments": Array [],
                                "directives": Array [],
                                "kind": "Field",
                                "name": Object {
                                  "kind": "Name",
                                  "value": "name",
                                },
                                "selectionSet": undefined,
                              },
                              Object {
                                "alias": Object {
                                  "kind": "Name",
                                  "value": "value",
                                },
                                "arguments": Array [],
                                "directives": Array [],
                                "kind": "Field",
                                "name": Object {
                                  "kind": "Name",
                                  "value": "name",
                                },
                                "selectionSet": undefined,
                              },
                              Object {
                                "alias": undefined,
                                "arguments": Array [],
                                "directives": Array [],
                                "kind": "Field",
                                "name": Object {
                                  "kind": "Name",
                                  "value": "shortName",
                                },
                                "selectionSet": undefined,
                              },
                            ],
                          },
                        },
                        Object {
                          "alias": undefined,
                          "arguments": Array [],
                          "directives": Array [],
                          "kind": "Field",
                          "name": Object {
                            "kind": "Name",
                            "value": "country",
                          },
                          "selectionSet": Object {
                            "kind": "SelectionSet",
                            "selections": Array [
                              Object {
                                "alias": undefined,
                                "arguments": Array [],
                                "directives": Array [],
                                "kind": "Field",
                                "name": Object {
                                  "kind": "Name",
                                  "value": "id",
                                },
                                "selectionSet": undefined,
                              },
                              Object {
                                "alias": Object {
                                  "kind": "Name",
                                  "value": "label",
                                },
                                "arguments": Array [],
                                "directives": Array [],
                                "kind": "Field",
                                "name": Object {
                                  "kind": "Name",
                                  "value": "name",
                                },
                                "selectionSet": undefined,
                              },
                              Object {
                                "alias": Object {
                                  "kind": "Name",
                                  "value": "value",
                                },
                                "arguments": Array [],
                                "directives": Array [],
                                "kind": "Field",
                                "name": Object {
                                  "kind": "Name",
                                  "value": "name",
                                },
                                "selectionSet": undefined,
                              },
                            ],
                          },
                        },
                        Object {
                          "directives": Array [],
                          "kind": "FragmentSpread",
                          "name": Object {
                            "kind": "Name",
                            "value": "ProfilePicture",
                          },
                        },
                        Object {
                          "alias": undefined,
                          "arguments": Array [],
                          "directives": Array [],
                          "kind": "Field",
                          "name": Object {
                            "kind": "Name",
                            "value": "displayName",
                          },
                          "selectionSet": undefined,
                        },
                        Object {
                          "alias": undefined,
                          "arguments": Array [],
                          "directives": Array [],
                          "kind": "Field",
                          "name": Object {
                            "kind": "Name",
                            "value": "isPrivate",
                          },
                          "selectionSet": undefined,
                        },
                        Object {
                          "alias": undefined,
                          "arguments": Array [],
                          "directives": Array [],
                          "kind": "Field",
                          "name": Object {
                            "kind": "Name",
                            "value": "emailValidated",
                          },
                          "selectionSet": undefined,
                        },
                        Object {
                          "alias": undefined,
                          "arguments": Array [],
                          "directives": Array [],
                          "kind": "Field",
                          "name": Object {
                            "kind": "Name",
                            "value": "subscriptions",
                          },
                          "selectionSet": Object {
                            "kind": "SelectionSet",
                            "selections": Array [
                              Object {
                                "alias": undefined,
                                "arguments": Array [],
                                "directives": Array [],
                                "kind": "Field",
                                "name": Object {
                                  "kind": "Name",
                                  "value": "name",
                                },
                                "selectionSet": undefined,
                              },
                            ],
                          },
                        },
                        Object {
                          "alias": undefined,
                          "arguments": Array [],
                          "directives": Array [],
                          "kind": "Field",
                          "name": Object {
                            "kind": "Name",
                            "value": "userRoles",
                          },
                          "selectionSet": Object {
                            "kind": "SelectionSet",
                            "selections": Array [
                              Object {
                                "alias": undefined,
                                "arguments": Array [],
                                "directives": Array [],
                                "kind": "Field",
                                "name": Object {
                                  "kind": "Name",
                                  "value": "name",
                                },
                                "selectionSet": undefined,
                              },
                            ],
                          },
                        },
                        Object {
                          "alias": undefined,
                          "arguments": Array [],
                          "directives": Array [],
                          "kind": "Field",
                          "name": Object {
                            "kind": "Name",
                            "value": "followers",
                          },
                          "selectionSet": Object {
                            "kind": "SelectionSet",
                            "selections": Array [
                              Object {
                                "alias": undefined,
                                "arguments": Array [],
                                "directives": Array [],
                                "kind": "Field",
                                "name": Object {
                                  "kind": "Name",
                                  "value": "followers",
                                },
                                "selectionSet": Object {
                                  "kind": "SelectionSet",
                                  "selections": Array [
                                    Object {
                                      "alias": undefined,
                                      "arguments": Array [],
                                      "directives": Array [],
                                      "kind": "Field",
                                      "name": Object {
                                        "kind": "Name",
                                        "value": "user",
                                      },
                                      "selectionSet": Object {
                                        "kind": "SelectionSet",
                                        "selections": Array [
                                          Object {
                                            "alias": undefined,
                                            "arguments": Array [],
                                            "directives": Array [],
                                            "kind": "Field",
                                            "name": Object {
                                              "kind": "Name",
                                              "value": "displayName",
                                            },
                                            "selectionSet": undefined,
                                          },
                                          Object {
                                            "alias": undefined,
                                            "arguments": Array [],
                                            "directives": Array [],
                                            "kind": "Field",
                                            "name": Object {
                                              "kind": "Name",
                                              "value": "isPrivate",
                                            },
                                            "selectionSet": undefined,
                                          },
                                          Object {
                                            "directives": Array [],
                                            "kind": "FragmentSpread",
                                            "name": Object {
                                              "kind": "Name",
                                              "value": "ProfilePicture",
                                            },
                                          },
                                        ],
                                      },
                                    },
                                  ],
                                },
                              },
                            ],
                          },
                        },
                        Object {
                          "alias": undefined,
                          "arguments": Array [],
                          "directives": Array [],
                          "kind": "Field",
                          "name": Object {
                            "kind": "Name",
                            "value": "influencers",
                          },
                          "selectionSet": Object {
                            "kind": "SelectionSet",
                            "selections": Array [
                              Object {
                                "alias": undefined,
                                "arguments": Array [],
                                "directives": Array [],
                                "kind": "Field",
                                "name": Object {
                                  "kind": "Name",
                                  "value": "influencers",
                                },
                                "selectionSet": Object {
                                  "kind": "SelectionSet",
                                  "selections": Array [
                                    Object {
                                      "alias": undefined,
                                      "arguments": Array [],
                                      "directives": Array [],
                                      "kind": "Field",
                                      "name": Object {
                                        "kind": "Name",
                                        "value": "user",
                                      },
                                      "selectionSet": Object {
                                        "kind": "SelectionSet",
                                        "selections": Array [
                                          Object {
                                            "alias": undefined,
                                            "arguments": Array [],
                                            "directives": Array [],
                                            "kind": "Field",
                                            "name": Object {
                                              "kind": "Name",
                                              "value": "displayName",
                                            },
                                            "selectionSet": undefined,
                                          },
                                          Object {
                                            "alias": undefined,
                                            "arguments": Array [],
                                            "directives": Array [],
                                            "kind": "Field",
                                            "name": Object {
                                              "kind": "Name",
                                              "value": "isPrivate",
                                            },
                                            "selectionSet": undefined,
                                          },
                                          Object {
                                            "directives": Array [],
                                            "kind": "FragmentSpread",
                                            "name": Object {
                                              "kind": "Name",
                                              "value": "ProfilePicture",
                                            },
                                          },
                                        ],
                                      },
                                    },
                                  ],
                                },
                              },
                            ],
                          },
                        },
                      ],
                    },
                  },
                ],
              },
              "variableDefinitions": Array [],
            },
            Object {
              "directives": Array [],
              "kind": "FragmentDefinition",
              "name": Object {
                "kind": "Name",
                "value": "ProfilePicture",
              },
              "selectionSet": Object {
                "kind": "SelectionSet",
                "selections": Array [
                  Object {
                    "alias": Object {
                      "kind": "Name",
                      "value": "profilePicture",
                    },
                    "arguments": Array [
                      Object {
                        "kind": "Argument",
                        "name": Object {
                          "kind": "Name",
                          "value": "where",
                        },
                        "value": Object {
                          "fields": Array [
                            Object {
                              "kind": "ObjectField",
                              "name": Object {
                                "kind": "Name",
                                "value": "isProfile",
                              },
                              "value": Object {
                                "kind": "BooleanValue",
                                "value": true,
                              },
                            },
                          ],
                          "kind": "ObjectValue",
                        },
                      },
                    ],
                    "directives": Array [],
                    "kind": "Field",
                    "name": Object {
                      "kind": "Name",
                      "value": "photos",
                    },
                    "selectionSet": Object {
                      "kind": "SelectionSet",
                      "selections": Array [
                        Object {
                          "alias": undefined,
                          "arguments": Array [],
                          "directives": Array [],
                          "kind": "Field",
                          "name": Object {
                            "kind": "Name",
                            "value": "id",
                          },
                          "selectionSet": undefined,
                        },
                        Object {
                          "alias": undefined,
                          "arguments": Array [],
                          "directives": Array [],
                          "kind": "Field",
                          "name": Object {
                            "kind": "Name",
                            "value": "photo",
                          },
                          "selectionSet": Object {
                            "kind": "SelectionSet",
                            "selections": Array [
                              Object {
                                "alias": undefined,
                                "arguments": Array [],
                                "directives": Array [],
                                "kind": "Field",
                                "name": Object {
                                  "kind": "Name",
                                  "value": "id",
                                },
                                "selectionSet": undefined,
                              },
                              Object {
                                "alias": undefined,
                                "arguments": Array [],
                                "directives": Array [],
                                "kind": "Field",
                                "name": Object {
                                  "kind": "Name",
                                  "value": "image",
                                },
                                "selectionSet": undefined,
                              },
                            ],
                          },
                        },
                      ],
                    },
                  },
                ],
              },
              "typeCondition": Object {
                "kind": "NamedType",
                "name": Object {
                  "kind": "Name",
                  "value": "User",
                },
              },
            },
          ],
          "kind": "Document",
          "loc": Object {
            "end": 949,
            "start": 0,
          },
        },
      },
    ]
  }
  variables={
    Object {
      "image": "",
    }
  }
>
  <Component />
</Mutation>
`;
