// Jest Snapshot v1, https://goo.gl/fbAQLP

exports[`<SignUp /> renders and matches the snapshot 1`] = `
<SignUp
  classes={Object {}}
/>
`;
