// Jest Snapshot v1, https://goo.gl/fbAQLP

exports[`<GameplayInfo /> renders and matches the snapshot 1`] = `
<div>
  GameplayInfo
</div>
`;
