// Jest Snapshot v1, https://goo.gl/fbAQLP

exports[`<GlobalStyles /> renders and matches the snapshot 1`] = `
<Page
  classes={Object {}}
/>
`;
