// Jest Snapshot v1, https://goo.gl/fbAQLP

exports[`<Reset /> renders and matches the snapshot 1`] = `
<Reset
  classes={Object {}}
/>
`;
