// Jest Snapshot v1, https://goo.gl/fbAQLP

exports[`<Dashboard /> renders and matches the snapshot 1`] = `
<Dashboard
  classes={Object {}}
/>
`;
