// Jest Snapshot v1, https://goo.gl/fbAQLP

exports[`<Forgot /> renders and matches the snapshot 1`] = `
<Forgot
  classes={Object {}}
/>
`;
