// Jest Snapshot v1, https://goo.gl/fbAQLP

exports[`<FixtureGrid /> renders and matches the snapshot 1`] = `
<FixtureGrid
  classes={
    Object {
      "fixtureGrid": "FixtureGrid-fixtureGrid-2",
      "wrapper": "FixtureGrid-wrapper-1",
    }
  }
  fixtures={Array []}
/>
`;
