// Jest Snapshot v1, https://goo.gl/fbAQLP

exports[`<IsAdmin /> renders and matches the snapshot 1`] = `
<CurrentUser>
  <Component />
</CurrentUser>
`;
