// Jest Snapshot v1, https://goo.gl/fbAQLP

exports[`<Back /> renders and matches the snapshot 1`] = `
<Back
  classes={
    Object {
      "link": "Back-link-1",
      "text": "Back-text-2",
    }
  }
/>
`;
