// Jest Snapshot v1, https://goo.gl/fbAQLP

exports[`<Validate /> renders and matches the snapshot 1`] = `
<Validate
  classes={
    Object {
      "root": "Validate-root-1",
    }
  }
/>
`;
