// Jest Snapshot v1, https://goo.gl/fbAQLP

exports[`<Fixture /> renders and matches the snapshot 1`] = `
<Fixture
  classes={
    Object {
      "controls": "Fixture-controls-5",
      "fixture": "Fixture-fixture-8",
      "fixtureCentre": "Fixture-fixtureCentre-4",
      "fixtureInfoGrid": "Fixture-fixtureInfoGrid-2",
      "fixtureScoreGrid": "Fixture-fixtureScoreGrid-3",
      "grow": "Fixture-grow-1",
      "kickoffTime": "Fixture-kickoffTime-7",
      "teamScore": "Fixture-teamScore-6",
    }
  }
  fixture={
    Object {
      "__typename": "Fixture",
      "event": Object {
        "id": "cjyjtpb940075079888jpdt4y",
        "name": "Gameweek 1",
      },
      "finished": false,
      "fixtureId": 1,
      "fplCode": 1059702,
      "id": "cjycw2ups0i3s0787mh7ya6x6",
      "kickoffTime": "2019-08-09T19:00:00.000Z",
      "minutes": 0,
      "teamA": Object {
        "__typename": "AwayTeamFixture",
        "awayTeam": Object {
          "__typename": "Team",
          "name": "Norwich",
        },
      },
      "teamAScore": null,
      "teamH": Object {
        "__typename": "HomeTeamFixture",
        "homeTeam": Object {
          "__typename": "Team",
          "name": "Liverpool",
        },
      },
      "teamHScore": null,
    }
  }
/>
`;
