// Jest Snapshot v1, https://goo.gl/fbAQLP

exports[`<Gallery /> renders and matches the snapshot 1`] = `
<Gallery
  classes={Object {}}
/>
`;
